MPLINK 5.09, LINKER
Linker Map File - Created Wed May 20 18:56:42 2026

                                 Section Info
                  Section       Type    Address   Location Size(Bytes)
                ---------  ---------  ---------  ---------  ---------
                   .org_0       code   0x000000    program   0x000002
                   .cinit    romdata   0x000001    program   0x000004
                   .org_1       code   0x000004    program   0x00002e
.config_2007_BUILD/DEFAULT/PRODUCTION/DENEME.       code   0x002007    program   0x000002



                              Program Memory Usage 
                               Start         End      
                           ---------   ---------      
                            0x000000    0x000002      
                            0x000004    0x00001a      
                            0x002007    0x002007      
            27 out of 2182 program addresses used, program memory utilization is 1%



                              Symbols - Sorted by Name
                     Name    Address   Location    Storage File                     
                ---------  ---------  ---------  --------- ---------                
            ALARM_KESMESI   0x000016    program     static C:\MPLABProjects\deneme.X\deneme.asm
                ANA_DONGU   0x000011    program     static C:\MPLABProjects\deneme.X\deneme.asm
                  KURULUM   0x000005    program     static C:\MPLABProjects\deneme.X\deneme.asm



                              Symbols - Sorted by Address
                     Name    Address   Location    Storage File                     
                ---------  ---------  ---------  --------- ---------                
                  KURULUM   0x000005    program     static C:\MPLABProjects\deneme.X\deneme.asm
                ANA_DONGU   0x000011    program     static C:\MPLABProjects\deneme.X\deneme.asm
            ALARM_KESMESI   0x000016    program     static C:\MPLABProjects\deneme.X\deneme.asm


