MPLINK 5.09, LINKER
Linker Map File - Created Wed May 20 18:22:34 2026

                                 Section Info
                  Section       Type    Address   Location Size(Bytes)
                ---------  ---------  ---------  ---------  ---------
                   .org_0       code   0x000000    program   0x00009e
                   .cinit    romdata   0x00004f    program   0x000004
.config_2007_BUILD/DEFAULT/PRODUCTION/ODEV3CO       code   0x002007    program   0x000002



                              Program Memory Usage 
                               Start         End      
                           ---------   ---------      
                            0x000000    0x000050      
                            0x002007    0x002007      
            82 out of 2182 program addresses used, program memory utilization is 3%



                              Symbols - Sorted by Name
                     Name    Address   Location    Storage File                     
                ---------  ---------  ---------  --------- ---------                
               CHECK_YOL2   0x000015    program     static C:\MPLABProjects\mikroodev3.X\odev3code.asm
               CHECK_YOL3   0x00001c    program     static C:\MPLABProjects\mikroodev3.X\odev3code.asm
               CHECK_YOL4   0x000023    program     static C:\MPLABProjects\mikroodev3.X\odev3code.asm
            DECREMENT_SEC   0x00003f    program     static C:\MPLABProjects\mikroodev3.X\odev3code.asm
               DELAY_LOOP   0x000039    program     static C:\MPLABProjects\mikroodev3.X\odev3code.asm
            DELAY_ROUTINE   0x000038    program     static C:\MPLABProjects\mikroodev3.X\odev3code.asm
                 DO_DELAY   0x000046    program     static C:\MPLABProjects\mikroodev3.X\odev3code.asm
                     INIT   0x000001    program     static C:\MPLABProjects\mikroodev3.X\odev3code.asm
                     MAIN   0x00000e    program     static C:\MPLABProjects\mikroodev3.X\odev3code.asm
            ONE_SEC_DELAY   0x000042    program     static C:\MPLABProjects\mikroodev3.X\odev3code.asm
         PEDESTRIAN_CHECK   0x00002b    program     static C:\MPLABProjects\mikroodev3.X\odev3code.asm
           PED_DELAY_LOOP   0x000031    program     static C:\MPLABProjects\mikroodev3.X\odev3code.asm
                TMR0_POLL   0x00004a    program     static C:\MPLABProjects\mikroodev3.X\odev3code.asm
                TMR0_WAIT   0x000048    program     static C:\MPLABProjects\mikroodev3.X\odev3code.asm



                              Symbols - Sorted by Address
                     Name    Address   Location    Storage File                     
                ---------  ---------  ---------  --------- ---------                
                     INIT   0x000001    program     static C:\MPLABProjects\mikroodev3.X\odev3code.asm
                     MAIN   0x00000e    program     static C:\MPLABProjects\mikroodev3.X\odev3code.asm
               CHECK_YOL2   0x000015    program     static C:\MPLABProjects\mikroodev3.X\odev3code.asm
               CHECK_YOL3   0x00001c    program     static C:\MPLABProjects\mikroodev3.X\odev3code.asm
               CHECK_YOL4   0x000023    program     static C:\MPLABProjects\mikroodev3.X\odev3code.asm
         PEDESTRIAN_CHECK   0x00002b    program     static C:\MPLABProjects\mikroodev3.X\odev3code.asm
           PED_DELAY_LOOP   0x000031    program     static C:\MPLABProjects\mikroodev3.X\odev3code.asm
            DELAY_ROUTINE   0x000038    program     static C:\MPLABProjects\mikroodev3.X\odev3code.asm
               DELAY_LOOP   0x000039    program     static C:\MPLABProjects\mikroodev3.X\odev3code.asm
            DECREMENT_SEC   0x00003f    program     static C:\MPLABProjects\mikroodev3.X\odev3code.asm
            ONE_SEC_DELAY   0x000042    program     static C:\MPLABProjects\mikroodev3.X\odev3code.asm
                 DO_DELAY   0x000046    program     static C:\MPLABProjects\mikroodev3.X\odev3code.asm
                TMR0_WAIT   0x000048    program     static C:\MPLABProjects\mikroodev3.X\odev3code.asm
                TMR0_POLL   0x00004a    program     static C:\MPLABProjects\mikroodev3.X\odev3code.asm


