MPLINK 5.09, LINKER
Linker Map File - Created Thu Apr 09 16:17:24 2026

                                 Section Info
                  Section       Type    Address   Location Size(Bytes)
                ---------  ---------  ---------  ---------  ---------
                   .org_0       code   0x000000    program   0x0000f8
                   .cinit    romdata   0x00007c    program   0x000004
.config_2007_BUILD/DEFAULT/PRODUCTION/ODEV1CO       code   0x002007    program   0x000002



                              Program Memory Usage 
                               Start         End      
                           ---------   ---------      
                            0x000000    0x00007d      
                            0x002007    0x002007      
            127 out of 2182 program addresses used, program memory utilization is 5%



                              Symbols - Sorted by Name
                     Name    Address   Location    Storage File                     
                ---------  ---------  ---------  --------- ---------                
                ANA_DONGU   0x00001c    program     static C:\MPLABProjects\mikroodev1.X\odev1code.asm
             BASAMAK_AYIR   0x00003e    program     static C:\MPLABProjects\mikroodev1.X\odev1code.asm
                    BASLA   0x00000c    program     static C:\MPLABProjects\mikroodev1.X\odev1code.asm
              BINIS_BEKLE   0x000025    program     static C:\MPLABProjects\mikroodev1.X\odev1code.asm
                    BOLME   0x000041    program     static C:\MPLABProjects\mikroodev1.X\odev1code.asm
              BOLME_BITTI   0x000048    program     static C:\MPLABProjects\mikroodev1.X\odev1code.asm
                BOS_DURUM   0x00003a    program     static C:\MPLABProjects\mikroodev1.X\odev1code.asm
           EKRAN_GUNCELLE   0x00004b    program     static C:\MPLABProjects\mikroodev1.X\odev1code.asm
                  GECIKME   0x000073    program     static C:\MPLABProjects\mikroodev1.X\odev1code.asm
              GECIKME_DIS   0x000075    program     static C:\MPLABProjects\mikroodev1.X\odev1code.asm
               GECIKME_IC   0x000077    program     static C:\MPLABProjects\mikroodev1.X\odev1code.asm
               INIS_BEKLE   0x000030    program     static C:\MPLABProjects\mikroodev1.X\odev1code.asm
             INIS_KONTROL   0x000029    program     static C:\MPLABProjects\mikroodev1.X\odev1code.asm
              LED_KONTROL   0x000033    program     static C:\MPLABProjects\mikroodev1.X\odev1code.asm
          NORMAL_GOSTERIM   0x000060    program     static C:\MPLABProjects\mikroodev1.X\odev1code.asm
            SEGMENT_TABLO   0x000001    program     static C:\MPLABProjects\mikroodev1.X\odev1code.asm



                              Symbols - Sorted by Address
                     Name    Address   Location    Storage File                     
                ---------  ---------  ---------  --------- ---------                
            SEGMENT_TABLO   0x000001    program     static C:\MPLABProjects\mikroodev1.X\odev1code.asm
                    BASLA   0x00000c    program     static C:\MPLABProjects\mikroodev1.X\odev1code.asm
                ANA_DONGU   0x00001c    program     static C:\MPLABProjects\mikroodev1.X\odev1code.asm
              BINIS_BEKLE   0x000025    program     static C:\MPLABProjects\mikroodev1.X\odev1code.asm
             INIS_KONTROL   0x000029    program     static C:\MPLABProjects\mikroodev1.X\odev1code.asm
               INIS_BEKLE   0x000030    program     static C:\MPLABProjects\mikroodev1.X\odev1code.asm
              LED_KONTROL   0x000033    program     static C:\MPLABProjects\mikroodev1.X\odev1code.asm
                BOS_DURUM   0x00003a    program     static C:\MPLABProjects\mikroodev1.X\odev1code.asm
             BASAMAK_AYIR   0x00003e    program     static C:\MPLABProjects\mikroodev1.X\odev1code.asm
                    BOLME   0x000041    program     static C:\MPLABProjects\mikroodev1.X\odev1code.asm
              BOLME_BITTI   0x000048    program     static C:\MPLABProjects\mikroodev1.X\odev1code.asm
           EKRAN_GUNCELLE   0x00004b    program     static C:\MPLABProjects\mikroodev1.X\odev1code.asm
          NORMAL_GOSTERIM   0x000060    program     static C:\MPLABProjects\mikroodev1.X\odev1code.asm
                  GECIKME   0x000073    program     static C:\MPLABProjects\mikroodev1.X\odev1code.asm
              GECIKME_DIS   0x000075    program     static C:\MPLABProjects\mikroodev1.X\odev1code.asm
               GECIKME_IC   0x000077    program     static C:\MPLABProjects\mikroodev1.X\odev1code.asm


