MPLINK 5.09, LINKER
Linker Map File - Created Fri Apr 10 14:13:57 2026

                                 Section Info
                  Section       Type    Address   Location Size(Bytes)
                ---------  ---------  ---------  ---------  ---------
                   .org_0       code   0x000000    program   0x00008e
                   .cinit    romdata   0x000047    program   0x000004
.config_2007_BUILD/DEFAULT/PRODUCTION/ODEV2CO       code   0x002007    program   0x000002



                              Program Memory Usage 
                               Start         End      
                           ---------   ---------      
                            0x000000    0x000048      
                            0x002007    0x002007      
            74 out of 2182 program addresses used, program memory utilization is 3%



                              Symbols - Sorted by Name
                     Name    Address   Location    Storage File                     
                ---------  ---------  ---------  --------- ---------                
             AYAR_DONGUSU   0x000010    program     static C:\MPLABProjects\mikroodev2.X\odev2code.asm
                BASLANGIC   0x000001    program     static C:\MPLABProjects\mikroodev2.X\odev2code.asm
               BASLAT_BAK   0x000017    program     static C:\MPLABProjects\mikroodev2.X\odev2code.asm
                    BEKLE   0x00003e    program     static C:\MPLABProjects\mikroodev2.X\odev2code.asm
                BEKLE_RA0   0x000014    program     static C:\MPLABProjects\mikroodev2.X\odev2code.asm
                BEKLE_RA2   0x000025    program     static C:\MPLABProjects\mikroodev2.X\odev2code.asm
                BEKLE_RA3   0x000034    program     static C:\MPLABProjects\mikroodev2.X\odev2code.asm
                ERKEK_BAK   0x00002e    program     static C:\MPLABProjects\mikroodev2.X\odev2code.asm
                       L1   0x000040    program     static C:\MPLABProjects\mikroodev2.X\odev2code.asm
                       L2   0x000042    program     static C:\MPLABProjects\mikroodev2.X\odev2code.asm
             URETIM_DEVAM   0x00003d    program     static C:\MPLABProjects\mikroodev2.X\odev2code.asm
           URETIM_DONGUSU   0x00001f    program     static C:\MPLABProjects\mikroodev2.X\odev2code.asm



                              Symbols - Sorted by Address
                     Name    Address   Location    Storage File                     
                ---------  ---------  ---------  --------- ---------                
                BASLANGIC   0x000001    program     static C:\MPLABProjects\mikroodev2.X\odev2code.asm
             AYAR_DONGUSU   0x000010    program     static C:\MPLABProjects\mikroodev2.X\odev2code.asm
                BEKLE_RA0   0x000014    program     static C:\MPLABProjects\mikroodev2.X\odev2code.asm
               BASLAT_BAK   0x000017    program     static C:\MPLABProjects\mikroodev2.X\odev2code.asm
           URETIM_DONGUSU   0x00001f    program     static C:\MPLABProjects\mikroodev2.X\odev2code.asm
                BEKLE_RA2   0x000025    program     static C:\MPLABProjects\mikroodev2.X\odev2code.asm
                ERKEK_BAK   0x00002e    program     static C:\MPLABProjects\mikroodev2.X\odev2code.asm
                BEKLE_RA3   0x000034    program     static C:\MPLABProjects\mikroodev2.X\odev2code.asm
             URETIM_DEVAM   0x00003d    program     static C:\MPLABProjects\mikroodev2.X\odev2code.asm
                    BEKLE   0x00003e    program     static C:\MPLABProjects\mikroodev2.X\odev2code.asm
                       L1   0x000040    program     static C:\MPLABProjects\mikroodev2.X\odev2code.asm
                       L2   0x000042    program     static C:\MPLABProjects\mikroodev2.X\odev2code.asm


